CCS PCM C Compiler, Version 5.015, 5967               15-nov-18 17:56

               Filename:   D:\UFSC\projeto_final_banco_baterias-20181108T214644Z-001\projeto_final_banco_baterias\FIRMWARE\main.lst

               ROM used:   1152 words (14%)
                           Largest free fragment is 2048
               RAM used:   13 (4%) at main() level
                           30 (8%) worst case
               Stack used: 6 locations
               Stack size: 8

*
0000:  MOVLW  04
0001:  MOVWF  0A
0002:  GOTO   45A
0003:  NOP
.................... #include <main.h> 
.................... #include <16F877A.h> 
.................... //////////// Standard Header file for the PIC16F877A device //////////////// 
.................... /////////////////////////////////////////////////////////////////////////// 
.................... ////        (C) Copyright 1996, 2013 Custom Computer Services          //// 
.................... //// This source code may only be used by licensed users of the CCS C  //// 
.................... //// compiler.  This source code may only be distributed to other      //// 
.................... //// licensed users of the CCS C compiler.  No other use, reproduction //// 
.................... //// or distribution is permitted without written permission.          //// 
.................... //// Derivative programs created using this software in object code    //// 
.................... //// form are not restricted in any way.                               //// 
.................... /////////////////////////////////////////////////////////////////////////// 
.................... #device PIC16F877A 
0004:  DATA C2,30
0005:  DATA F4,32
0006:  DATA F2,34
0007:  DATA 61,10
0008:  DATA 31,00
0009:  DATA 0A,2A
000A:  DATA 65,37
000B:  DATA F3,30
000C:  DATA 6F,1D
000D:  DATA A0,12
000E:  DATA 69,10
000F:  DATA 56,00
0010:  DATA C2,30
0011:  DATA F4,32
0012:  DATA F2,34
0013:  DATA 61,10
0014:  DATA 32,00
0015:  DATA 0A,2A
0016:  DATA 65,37
0017:  DATA F3,30
0018:  DATA 6F,10
0019:  DATA 32,1D
001A:  DATA A0,12
001B:  DATA 69,10
001C:  DATA 56,00
001D:  DATA C2,30
001E:  DATA F4,32
001F:  DATA F2,34
0020:  DATA 61,10
0021:  DATA 33,00
0022:  DATA 0A,2A
0023:  DATA 65,37
0024:  DATA F3,30
0025:  DATA 6F,1D
0026:  DATA A0,12
0027:  DATA 69,10
0028:  DATA 56,00
0029:  DATA C2,30
002A:  DATA F4,32
002B:  DATA F2,34
002C:  DATA 61,10
002D:  DATA 34,00
002E:  DATA 0A,2A
002F:  DATA 65,37
0030:  DATA F3,30
0031:  DATA 6F,1D
0032:  DATA A0,12
0033:  DATA 69,10
0034:  DATA 56,00
*
0218:  MOVF   0B,W
0219:  MOVWF  28
021A:  BCF    0B.7
021B:  BSF    03.5
021C:  BSF    03.6
021D:  BSF    0C.7
021E:  BSF    0C.0
021F:  NOP
0220:  NOP
0221:  BCF    03.5
0222:  BCF    03.6
0223:  BTFSC  28.7
0224:  BSF    0B.7
0225:  BSF    03.6
0226:  MOVF   0C,W
0227:  ANDLW  7F
0228:  BTFSC  03.2
0229:  GOTO   26C
022A:  BCF    03.6
022B:  MOVWF  28
022C:  BSF    03.6
022D:  MOVF   0D,W
022E:  BCF    03.6
022F:  MOVWF  29
0230:  BSF    03.6
0231:  MOVF   0F,W
0232:  BCF    03.6
0233:  MOVWF  2A
0234:  MOVF   28,W
0235:  MOVWF  2E
0236:  CALL   1EC
0237:  MOVF   29,W
0238:  BSF    03.6
0239:  MOVWF  0D
023A:  BCF    03.6
023B:  MOVF   2A,W
023C:  BSF    03.6
023D:  MOVWF  0F
023E:  BCF    03.6
023F:  MOVF   0B,W
0240:  MOVWF  2B
0241:  BCF    0B.7
0242:  BSF    03.5
0243:  BSF    03.6
0244:  BSF    0C.7
0245:  BSF    0C.0
0246:  NOP
0247:  NOP
0248:  BCF    03.5
0249:  BCF    03.6
024A:  BTFSC  2B.7
024B:  BSF    0B.7
024C:  BSF    03.6
024D:  RLF    0C,W
024E:  RLF    0E,W
024F:  ANDLW  7F
0250:  BTFSC  03.2
0251:  GOTO   26C
0252:  BCF    03.6
0253:  MOVWF  28
0254:  BSF    03.6
0255:  MOVF   0D,W
0256:  BCF    03.6
0257:  MOVWF  29
0258:  BSF    03.6
0259:  MOVF   0F,W
025A:  BCF    03.6
025B:  MOVWF  2A
025C:  MOVF   28,W
025D:  MOVWF  2E
025E:  CALL   1EC
025F:  MOVF   29,W
0260:  BSF    03.6
0261:  MOVWF  0D
0262:  BCF    03.6
0263:  MOVF   2A,W
0264:  BSF    03.6
0265:  MOVWF  0F
0266:  INCF   0D,F
0267:  BTFSC  03.2
0268:  INCF   0F,F
0269:  BCF    03.6
026A:  GOTO   218
026B:  BSF    03.6
026C:  BCF    03.6
026D:  RETURN
026E:  MOVF   0B,W
026F:  MOVWF  29
0270:  BCF    0B.7
0271:  BSF    03.5
0272:  BSF    03.6
0273:  BSF    0C.7
0274:  BSF    0C.0
0275:  NOP
0276:  NOP
0277:  BCF    03.5
0278:  BCF    03.6
0279:  BTFSC  29.7
027A:  BSF    0B.7
027B:  BTFSC  03.0
027C:  GOTO   2A5
027D:  BSF    03.6
027E:  MOVF   0C,W
027F:  ANDLW  7F
0280:  BCF    03.6
0281:  MOVWF  29
0282:  BSF    03.6
0283:  MOVF   0D,W
0284:  BCF    03.6
0285:  MOVWF  2A
0286:  BSF    03.6
0287:  MOVF   0F,W
0288:  BCF    03.6
0289:  MOVWF  2B
028A:  MOVF   29,W
028B:  MOVWF  2E
028C:  CALL   1EC
028D:  MOVF   2A,W
028E:  BSF    03.6
028F:  MOVWF  0D
0290:  BCF    03.6
0291:  MOVF   2B,W
0292:  BSF    03.6
0293:  MOVWF  0F
0294:  BCF    03.6
0295:  MOVF   0B,W
0296:  MOVWF  2C
0297:  BCF    0B.7
0298:  BSF    03.5
0299:  BSF    03.6
029A:  BSF    0C.7
029B:  BSF    0C.0
029C:  NOP
029D:  NOP
029E:  BCF    03.5
029F:  BCF    03.6
02A0:  BTFSC  2C.7
02A1:  BSF    0B.7
02A2:  DECFSZ 28,F
02A3:  GOTO   2A5
02A4:  GOTO   2C4
02A5:  BSF    03.6
02A6:  RLF    0C,W
02A7:  RLF    0E,W
02A8:  ANDLW  7F
02A9:  BCF    03.6
02AA:  MOVWF  29
02AB:  BSF    03.6
02AC:  MOVF   0D,W
02AD:  BCF    03.6
02AE:  MOVWF  2A
02AF:  BSF    03.6
02B0:  MOVF   0F,W
02B1:  BCF    03.6
02B2:  MOVWF  2B
02B3:  MOVF   29,W
02B4:  MOVWF  2E
02B5:  CALL   1EC
02B6:  MOVF   2A,W
02B7:  BSF    03.6
02B8:  MOVWF  0D
02B9:  BCF    03.6
02BA:  MOVF   2B,W
02BB:  BSF    03.6
02BC:  MOVWF  0F
02BD:  INCF   0D,F
02BE:  BTFSC  03.2
02BF:  INCF   0F,F
02C0:  BCF    03.0
02C1:  BCF    03.6
02C2:  DECFSZ 28,F
02C3:  GOTO   26E
02C4:  RETURN
02C5:  MOVF   2F,W
02C6:  CLRF   78
02C7:  SUBWF  2E,W
02C8:  BTFSC  03.0
02C9:  GOTO   2CD
02CA:  MOVF   2E,W
02CB:  MOVWF  77
02CC:  GOTO   2D9
02CD:  CLRF   77
02CE:  MOVLW  08
02CF:  MOVWF  30
02D0:  RLF    2E,F
02D1:  RLF    77,F
02D2:  MOVF   2F,W
02D3:  SUBWF  77,W
02D4:  BTFSC  03.0
02D5:  MOVWF  77
02D6:  RLF    78,F
02D7:  DECFSZ 30,F
02D8:  GOTO   2D0
02D9:  RETURN
02DA:  MOVLW  20
02DB:  BTFSS  29.4
02DC:  MOVLW  30
02DD:  MOVWF  2A
02DE:  MOVF   28,W
02DF:  MOVWF  77
02E0:  BTFSS  28.7
02E1:  GOTO   2EA
02E2:  COMF   77,F
02E3:  INCF   77,F
02E4:  MOVF   77,W
02E5:  MOVWF  28
02E6:  MOVLW  2D
02E7:  MOVWF  2A
02E8:  BSF    29.7
02E9:  BSF    29.0
02EA:  MOVF   28,W
02EB:  MOVWF  2E
02EC:  MOVLW  64
02ED:  MOVWF  2F
02EE:  CALL   2C5
02EF:  MOVF   77,W
02F0:  MOVWF  28
02F1:  MOVLW  30
02F2:  ADDWF  78,W
02F3:  MOVWF  2B
02F4:  MOVF   28,W
02F5:  MOVWF  2E
02F6:  MOVLW  0A
02F7:  MOVWF  2F
02F8:  CALL   2C5
02F9:  MOVLW  30
02FA:  ADDWF  77,W
02FB:  MOVWF  2D
02FC:  MOVLW  30
02FD:  ADDWF  78,W
02FE:  MOVWF  2C
02FF:  MOVF   2A,W
0300:  MOVWF  77
0301:  MOVLW  30
0302:  SUBWF  2B,W
0303:  BTFSC  03.2
0304:  GOTO   309
0305:  BSF    29.1
0306:  BTFSC  29.7
0307:  BSF    29.2
0308:  GOTO   31D
0309:  MOVF   2A,W
030A:  MOVWF  2B
030B:  MOVLW  20
030C:  MOVWF  2A
030D:  MOVLW  30
030E:  SUBWF  2C,W
030F:  BTFSC  03.2
0310:  GOTO   315
0311:  BSF    29.0
0312:  BTFSC  29.7
0313:  BSF    29.1
0314:  GOTO   31D
0315:  BTFSS  03.2
0316:  BSF    29.0
0317:  BTFSS  03.2
0318:  GOTO   31D
0319:  MOVF   2B,W
031A:  MOVWF  2C
031B:  MOVLW  20
031C:  MOVWF  2B
031D:  BTFSC  29.2
031E:  GOTO   324
031F:  BTFSC  29.1
0320:  GOTO   327
0321:  BTFSC  29.0
0322:  GOTO   32A
0323:  GOTO   32D
0324:  MOVF   2A,W
0325:  MOVWF  2E
0326:  CALL   1EC
0327:  MOVF   2B,W
0328:  MOVWF  2E
0329:  CALL   1EC
032A:  MOVF   2C,W
032B:  MOVWF  2E
032C:  CALL   1EC
032D:  MOVF   2D,W
032E:  MOVWF  2E
032F:  CALL   1EC
0330:  RETURN
*
03BA:  BSF    0A.0
03BB:  BSF    0A.1
03BC:  BCF    0A.2
03BD:  ADDWF  02,F
03BE:  GOTO   338
03BF:  GOTO   358
03C0:  GOTO   378
03C1:  GOTO   398
....................  
.................... #list 
....................  
....................  
.................... #FUSES NOWDT                    //No Watch Dog Timer 
.................... #FUSES XT                       //Crystal osc <= 4mhz 
.................... #FUSES NOPUT                    //No Power Up Timer 
.................... #FUSES NOPROTECT                //Code not protected from reading 
.................... #FUSES NODEBUG                  //No Debug mode for ICD 
.................... #FUSES NOBROWNOUT               //No brownout reset 
.................... #FUSES NOLVP                    //No low voltage prgming, B3(PIC16) or B5(PIC18) used for I/O 
.................... #FUSES NOCPD                    //No EE protection 
.................... #FUSES NOWRT                    //Program memory not write protected 
....................  
....................  
.................... #define clear lcd_putc('\f'); 
.................... #define delay_adc delay_us(1000);  
.................... // lcd pins 
.................... #define LCD_ENABLE_PIN  PIN_E0                                     
.................... #define LCD_RS_PIN      PIN_E1                                     
.................... #define LCD_RW_PIN      PIN_E2                                     
.................... #define LCD_DATA4       PIN_D4                                     
.................... #define LCD_DATA5       PIN_D5                                    
.................... #define LCD_DATA6       PIN_D6                                    
.................... #define LCD_DATA7       PIN_D7 
....................  
.................... // fator divisor de tensao 
.................... #define relac 11.1 
....................  
.................... // voltage pins 
.................... #device ADC=8 
.................... #define V1 AN0 
.................... #define V2 AN1 
.................... #define V3 AN2 
.................... #define V4 AN3 
....................  
.................... // relays 
.................... #define S1 PIN_D0 
.................... #define S2 PIN_D1 
.................... #define S3 PIN_D2 
....................  
.................... // output leds 
.................... #define LB1 PIN_C0 
.................... #define LB2 PIN_C1 
.................... #define LB3 PIN_C2 
.................... #define LB4 PIN_C3 
.................... #DEFINE CHARGE_LED PIN_C4 
....................  
....................  
.................... // menu pins  
.................... #define up PIN_B1 
.................... #define CHARGE_MODE PIN_B2 
....................  
....................  
.................... #use delay(clock=4000000) 
*
0035:  MOVLW  2F
0036:  MOVWF  04
0037:  BCF    03.7
0038:  MOVF   00,W
0039:  BTFSC  03.2
003A:  GOTO   049
003B:  MOVLW  01
003C:  MOVWF  78
003D:  CLRF   77
003E:  DECFSZ 77,F
003F:  GOTO   03E
0040:  DECFSZ 78,F
0041:  GOTO   03D
0042:  MOVLW  4A
0043:  MOVWF  77
0044:  DECFSZ 77,F
0045:  GOTO   044
0046:  GOTO   047
0047:  DECFSZ 00,F
0048:  GOTO   03B
0049:  RETURN
.................... #include <lcd.c> 
.................... /////////////////////////////////////////////////////////////////////////////// 
.................... ////                             LCD.C                                     //// 
.................... ////                 Driver for common LCD modules                         //// 
.................... ////                                                                       //// 
.................... ////  lcd_init()   Must be called before any other function.               //// 
.................... ////                                                                       //// 
.................... ////  lcd_putc(c)  Will display c on the next position of the LCD.         //// 
.................... ////                 \a  Set cursor position to upper left                 //// 
.................... ////                 \f  Clear display, set cursor to upper left           //// 
.................... ////                 \n  Go to start of second line                        //// 
.................... ////                 \b  Move back one position                            //// 
.................... ////              If LCD_EXTENDED_NEWLINE is defined, the \n character     //// 
.................... ////              will erase all remanining characters on the current      //// 
.................... ////              line, and move the cursor to the beginning of the next   //// 
.................... ////              line.                                                    //// 
.................... ////              If LCD_EXTENDED_NEWLINE is defined, the \r character     //// 
.................... ////              will move the cursor to the start of the current         //// 
.................... ////              line.                                                    //// 
.................... ////                                                                       //// 
.................... ////  lcd_gotoxy(x,y) Set write position on LCD (upper left is 1,1)        //// 
.................... ////                                                                       //// 
.................... ////  lcd_getc(x,y)   Returns character at position x,y on LCD             //// 
.................... ////                                                                       //// 
.................... ////  lcd_cursor_on(int1 on)   Turn the cursor on (on=TRUE) or off         //// 
.................... ////              (on=FALSE).                                              //// 
.................... ////                                                                       //// 
.................... ////  lcd_set_cgram_char(w, *p)   Write a custom character to the CGRAM.   //// 
.................... ////                                                                       //// 
.................... ////                                                                       //// 
.................... ////  CONFIGURATION                                                        //// 
.................... ////  The LCD can be configured in one of two ways: a.) port access or     //// 
.................... ////  b.) pin access.  Port access requires the entire 7 bit interface     //// 
.................... ////  connected to one GPIO port, and the data bits (D4:D7 of the LCD)     //// 
.................... ////  connected to sequential pins on the GPIO.  Pin access                //// 
.................... ////  has no requirements, all 7 bits of the control interface can         //// 
.................... ////  can be connected to any GPIO using several ports.                    //// 
.................... ////                                                                       //// 
.................... ////  To use port access, #define LCD_DATA_PORT to the SFR location of     //// 
.................... ////  of the GPIO port that holds the interface, -AND- edit LCD_PIN_MAP    //// 
.................... ////  of this file to configure the pin order.  If you are using a         //// 
.................... ////  baseline PIC (PCB), then LCD_OUTPUT_MAP and LCD_INPUT_MAP also must  //// 
.................... ////  be defined.                                                          //// 
.................... ////                                                                       //// 
.................... ////  Example of port access:                                              //// 
.................... ////     #define LCD_DATA_PORT getenv("SFR:PORTD")                         //// 
.................... ////                                                                       //// 
.................... ////  To use pin access, the following pins must be defined:               //// 
.................... ////     LCD_ENABLE_PIN                                                    //// 
.................... ////     LCD_RS_PIN                                                        //// 
.................... ////     LCD_RW_PIN                                                        //// 
.................... ////     LCD_DATA4                                                         //// 
.................... ////     LCD_DATA5                                                         //// 
.................... ////     LCD_DATA6                                                         //// 
.................... ////     LCD_DATA7                                                         //// 
.................... ////                                                                       //// 
.................... ////  Example of pin access:                                               //// 
.................... ////     #define LCD_ENABLE_PIN  PIN_E0                                    //// 
.................... ////     #define LCD_RS_PIN      PIN_E1                                    //// 
.................... ////     #define LCD_RW_PIN      PIN_E2                                    //// 
.................... ////     #define LCD_DATA4       PIN_D4                                    //// 
.................... ////     #define LCD_DATA5       PIN_D5                                    //// 
.................... ////     #define LCD_DATA6       PIN_D6                                    //// 
.................... ////     #define LCD_DATA7       PIN_D7                                    //// 
.................... ////                                                                       //// 
.................... /////////////////////////////////////////////////////////////////////////////// 
.................... ////        (C) Copyright 1996,2010 Custom Computer Services           //// 
.................... //// This source code may only be used by licensed users of the CCS C  //// 
.................... //// compiler.  This source code may only be distributed to other      //// 
.................... //// licensed users of the CCS C compiler.  No other use, reproduction //// 
.................... //// or distribution is permitted without written permission.          //// 
.................... //// Derivative programs created using this software in object code    //// 
.................... //// form are not restricted in any way.                               //// 
.................... /////////////////////////////////////////////////////////////////////////// 
....................  
.................... #ifndef __LCD_C__ 
.................... #define __LCD_C__ 
....................  
.................... // define the pinout. 
.................... // only required if port access is being used. 
.................... typedef struct   
.................... {                            // This structure is overlayed 
....................    int1 enable;           // on to an I/O port to gain 
....................    int1 rs;               // access to the LCD pins. 
....................    int1 rw;               // The bits are allocated from 
....................    int1 unused;           // low order up.  ENABLE will 
....................    unsigned int     data : 4;         // be LSB pin of that port. 
....................   #if defined(__PCD__)       // The port used will be LCD_DATA_PORT. 
....................    unsigned int    reserved: 8; 
....................   #endif 
.................... } LCD_PIN_MAP; 
....................  
.................... // this is to improve compatability with previous LCD drivers that accepted 
.................... // a define labeled 'use_portb_lcd' that configured the LCD onto port B. 
.................... #if ((defined(use_portb_lcd)) && (use_portb_lcd==TRUE)) 
....................  #define LCD_DATA_PORT getenv("SFR:PORTB") 
.................... #endif 
....................  
.................... #if defined(__PCB__) 
....................    // these definitions only need to be modified for baseline PICs. 
....................    // all other PICs use LCD_PIN_MAP or individual LCD_xxx pin definitions. 
.................... /*                                    EN, RS,   RW,   UNUSED,  DATA  */ 
....................  const LCD_PIN_MAP LCD_OUTPUT_MAP =  {0,  0,    0,    0,       0}; 
....................  const LCD_PIN_MAP LCD_INPUT_MAP =   {0,  0,    0,    0,       0xF}; 
.................... #endif 
....................  
.................... ////////////////////// END CONFIGURATION /////////////////////////////////// 
....................  
.................... #ifndef LCD_ENABLE_PIN 
....................    #define lcd_output_enable(x) lcdlat.enable=x 
....................    #define lcd_enable_tris()   lcdtris.enable=0 
.................... #else 
....................    #define lcd_output_enable(x) output_bit(LCD_ENABLE_PIN, x) 
....................    #define lcd_enable_tris()  output_drive(LCD_ENABLE_PIN) 
.................... #endif 
....................  
.................... #ifndef LCD_RS_PIN 
....................    #define lcd_output_rs(x) lcdlat.rs=x 
....................    #define lcd_rs_tris()   lcdtris.rs=0 
.................... #else 
....................    #define lcd_output_rs(x) output_bit(LCD_RS_PIN, x) 
....................    #define lcd_rs_tris()  output_drive(LCD_RS_PIN) 
.................... #endif 
....................  
.................... #ifndef LCD_RW_PIN 
....................    #define lcd_output_rw(x) lcdlat.rw=x 
....................    #define lcd_rw_tris()   lcdtris.rw=0 
.................... #else 
....................    #define lcd_output_rw(x) output_bit(LCD_RW_PIN, x) 
....................    #define lcd_rw_tris()  output_drive(LCD_RW_PIN) 
.................... #endif 
....................  
.................... // original version of this library incorrectly labeled LCD_DATA0 as LCD_DATA4, 
.................... // LCD_DATA1 as LCD_DATA5, and so on.  this block of code makes the driver 
.................... // compatible with any code written for the original library 
.................... #if (defined(LCD_DATA0) && defined(LCD_DATA1) && defined(LCD_DATA2) && defined(LCD_DATA3) && !defined(LCD_DATA4) && !defined(LCD_DATA5) && !defined(LCD_DATA6) && !defined(LCD_DATA7)) 
....................    #define  LCD_DATA4    LCD_DATA0 
....................    #define  LCD_DATA5    LCD_DATA1 
....................    #define  LCD_DATA6    LCD_DATA2 
....................    #define  LCD_DATA7    LCD_DATA3 
.................... #endif 
....................  
.................... #ifndef LCD_DATA4 
.................... #ifndef LCD_DATA_PORT 
....................    #if defined(__PCB__) 
....................       #define LCD_DATA_PORT      0x06     //portb 
....................       #define set_tris_lcd(x)   set_tris_b(x) 
....................    #else 
....................      #if defined(PIN_D0) 
....................       #define LCD_DATA_PORT      getenv("SFR:PORTD")     //portd 
....................      #else 
....................       #define LCD_DATA_PORT      getenv("SFR:PORTB")     //portb 
....................      #endif 
....................    #endif    
.................... #endif 
....................  
.................... #if defined(__PCB__) 
....................    LCD_PIN_MAP lcd, lcdlat; 
....................    #byte lcd = LCD_DATA_PORT 
....................    #byte lcdlat = LCD_DATA_PORT 
.................... #elif defined(__PCM__) 
....................    LCD_PIN_MAP lcd, lcdlat, lcdtris; 
....................    #byte lcd = LCD_DATA_PORT 
....................    #byte lcdlat = LCD_DATA_PORT 
....................    #byte lcdtris = LCD_DATA_PORT+0x80 
.................... #elif defined(__PCH__) 
....................    LCD_PIN_MAP lcd, lcdlat, lcdtris; 
....................    #byte lcd = LCD_DATA_PORT 
....................    #byte lcdlat = LCD_DATA_PORT+9 
....................    #byte lcdtris = LCD_DATA_PORT+0x12 
.................... #elif defined(__PCD__) 
....................    LCD_PIN_MAP lcd, lcdlat, lcdtris; 
....................    #word lcd = LCD_DATA_PORT 
....................    #word lcdlat = LCD_DATA_PORT+2 
....................    #word lcdtris = LCD_DATA_PORT-0x02 
.................... #endif 
.................... #endif   //LCD_DATA4 not defined 
....................  
.................... #ifndef LCD_TYPE 
....................    #define LCD_TYPE 2           // 0=5x7, 1=5x10, 2=2 lines 
.................... #endif 
....................  
.................... #ifndef LCD_LINE_TWO 
....................    #define LCD_LINE_TWO 0x40    // LCD RAM address for the second line 
.................... #endif 
....................  
.................... #ifndef LCD_LINE_LENGTH 
....................    #define LCD_LINE_LENGTH 20 
.................... #endif 
....................  
.................... unsigned int8 lcd_read_nibble(void); 
....................  
.................... unsigned int8 lcd_read_byte(void) 
.................... { 
....................    unsigned int8 low,high; 
....................  
....................  #if defined(__PCB__) 
....................    set_tris_lcd(LCD_INPUT_MAP); 
....................  #else 
....................   #if (defined(LCD_DATA4) && defined(LCD_DATA5) && defined(LCD_DATA6) && defined(LCD_DATA7)) 
....................    output_float(LCD_DATA4); 
*
00AE:  BSF    08.4
....................    output_float(LCD_DATA5); 
00AF:  BSF    08.5
....................    output_float(LCD_DATA6); 
00B0:  BSF    08.6
....................    output_float(LCD_DATA7); 
00B1:  BSF    08.7
....................   #else 
....................    lcdtris.data = 0xF; 
....................   #endif 
....................  #endif 
....................          
....................    lcd_output_rw(1); 
00B2:  BCF    03.5
00B3:  BSF    09.2
00B4:  BSF    03.5
00B5:  BCF    09.2
....................    delay_cycles(1); 
00B6:  NOP
....................    lcd_output_enable(1); 
00B7:  BCF    03.5
00B8:  BSF    09.0
00B9:  BSF    03.5
00BA:  BCF    09.0
....................    delay_cycles(1); 
00BB:  NOP
....................    high = lcd_read_nibble(); 
00BC:  BCF    03.5
00BD:  CALL   075
00BE:  MOVF   78,W
00BF:  MOVWF  36
....................        
....................    lcd_output_enable(0); 
00C0:  BCF    09.0
00C1:  BSF    03.5
00C2:  BCF    09.0
....................    delay_cycles(1); 
00C3:  NOP
....................    lcd_output_enable(1); 
00C4:  BCF    03.5
00C5:  BSF    09.0
00C6:  BSF    03.5
00C7:  BCF    09.0
....................    delay_us(1); 
00C8:  NOP
....................    low = lcd_read_nibble(); 
00C9:  BCF    03.5
00CA:  CALL   075
00CB:  MOVF   78,W
00CC:  MOVWF  35
....................        
....................    lcd_output_enable(0); 
00CD:  BCF    09.0
00CE:  BSF    03.5
00CF:  BCF    09.0
....................  
....................  #if defined(__PCB__) 
....................    set_tris_lcd(LCD_OUTPUT_MAP); 
....................  #else 
....................   #if (defined(LCD_DATA4) && defined(LCD_DATA5) && defined(LCD_DATA6) && defined(LCD_DATA7)) 
....................    output_drive(LCD_DATA4); 
00D0:  BCF    08.4
....................    output_drive(LCD_DATA5); 
00D1:  BCF    08.5
....................    output_drive(LCD_DATA6); 
00D2:  BCF    08.6
....................    output_drive(LCD_DATA7); 
00D3:  BCF    08.7
....................   #else 
....................    lcdtris.data = 0x0; 
....................   #endif 
....................  #endif 
....................  
....................    return( (high<<4) | low); 
00D4:  BCF    03.5
00D5:  SWAPF  36,W
00D6:  MOVWF  77
00D7:  MOVLW  F0
00D8:  ANDWF  77,F
00D9:  MOVF   77,W
00DA:  IORWF  35,W
00DB:  MOVWF  78
.................... } 
....................  
.................... unsigned int8 lcd_read_nibble(void) 
.................... { 
....................   #if (defined(LCD_DATA4) && defined(LCD_DATA5) && defined(LCD_DATA6) && defined(LCD_DATA7)) 
*
0075:  CLRF   37
....................    unsigned int8 n = 0x00; 
....................  
....................    /* Read the data port */ 
....................    n |= input(LCD_DATA4); 
0076:  BSF    03.5
0077:  BSF    08.4
0078:  MOVLW  00
0079:  BCF    03.5
007A:  BTFSC  08.4
007B:  MOVLW  01
007C:  IORWF  37,F
....................    n |= input(LCD_DATA5) << 1; 
007D:  BSF    03.5
007E:  BSF    08.5
007F:  MOVLW  00
0080:  BCF    03.5
0081:  BTFSC  08.5
0082:  MOVLW  01
0083:  MOVWF  77
0084:  BCF    03.0
0085:  RLF    77,F
0086:  MOVF   77,W
0087:  IORWF  37,F
....................    n |= input(LCD_DATA6) << 2; 
0088:  BSF    03.5
0089:  BSF    08.6
008A:  MOVLW  00
008B:  BCF    03.5
008C:  BTFSC  08.6
008D:  MOVLW  01
008E:  MOVWF  77
008F:  RLF    77,F
0090:  RLF    77,F
0091:  MOVLW  FC
0092:  ANDWF  77,F
0093:  MOVF   77,W
0094:  IORWF  37,F
....................    n |= input(LCD_DATA7) << 3; 
0095:  BSF    03.5
0096:  BSF    08.7
0097:  MOVLW  00
0098:  BCF    03.5
0099:  BTFSC  08.7
009A:  MOVLW  01
009B:  MOVWF  77
009C:  RLF    77,F
009D:  RLF    77,F
009E:  RLF    77,F
009F:  MOVLW  F8
00A0:  ANDWF  77,F
00A1:  MOVF   77,W
00A2:  IORWF  37,F
....................     
....................    return(n); 
00A3:  MOVF   37,W
00A4:  MOVWF  78
....................   #else 
00A5:  RETURN
....................    return(lcd.data); 
....................   #endif 
.................... } 
....................  
.................... void lcd_send_nibble(unsigned int8 n) 
.................... { 
....................   #if (defined(LCD_DATA4) && defined(LCD_DATA5) && defined(LCD_DATA6) && defined(LCD_DATA7)) 
....................    /* Write to the data port */ 
....................    output_bit(LCD_DATA4, bit_test(n, 0)); 
*
004A:  BTFSC  36.0
004B:  GOTO   04E
004C:  BCF    08.4
004D:  GOTO   04F
004E:  BSF    08.4
004F:  BSF    03.5
0050:  BCF    08.4
....................    output_bit(LCD_DATA5, bit_test(n, 1)); 
0051:  BCF    03.5
0052:  BTFSC  36.1
0053:  GOTO   056
0054:  BCF    08.5
0055:  GOTO   057
0056:  BSF    08.5
0057:  BSF    03.5
0058:  BCF    08.5
....................    output_bit(LCD_DATA6, bit_test(n, 2)); 
0059:  BCF    03.5
005A:  BTFSC  36.2
005B:  GOTO   05E
005C:  BCF    08.6
005D:  GOTO   05F
005E:  BSF    08.6
005F:  BSF    03.5
0060:  BCF    08.6
....................    output_bit(LCD_DATA7, bit_test(n, 3)); 
0061:  BCF    03.5
0062:  BTFSC  36.3
0063:  GOTO   066
0064:  BCF    08.7
0065:  GOTO   067
0066:  BSF    08.7
0067:  BSF    03.5
0068:  BCF    08.7
....................   #else       
....................    lcdlat.data = n; 
....................   #endif 
....................        
....................    delay_cycles(1); 
0069:  NOP
....................    lcd_output_enable(1); 
006A:  BCF    03.5
006B:  BSF    09.0
006C:  BSF    03.5
006D:  BCF    09.0
....................    delay_us(2); 
006E:  GOTO   06F
....................    lcd_output_enable(0); 
006F:  BCF    03.5
0070:  BCF    09.0
0071:  BSF    03.5
0072:  BCF    09.0
0073:  BCF    03.5
0074:  RETURN
.................... } 
....................  
.................... void lcd_send_byte(unsigned int8 address, unsigned int8 n) 
.................... { 
....................   #if defined(__PCB__) 
....................    set_tris_lcd(LCD_OUTPUT_MAP); 
....................   #else 
....................    lcd_enable_tris(); 
*
00A6:  BSF    03.5
00A7:  BCF    09.0
....................    lcd_rs_tris(); 
00A8:  BCF    09.1
....................    lcd_rw_tris(); 
00A9:  BCF    09.2
....................   #endif 
....................  
....................    lcd_output_rs(0); 
00AA:  BCF    03.5
00AB:  BCF    09.1
00AC:  BSF    03.5
00AD:  BCF    09.1
....................    while ( bit_test(lcd_read_byte(),7) ) ; 
*
00DC:  MOVF   78,W
00DD:  MOVWF  35
00DE:  BTFSS  35.7
00DF:  GOTO   0E2
00E0:  BSF    03.5
00E1:  GOTO   0AE
....................    lcd_output_rs(address); 
00E2:  MOVF   33,F
00E3:  BTFSS  03.2
00E4:  GOTO   0E7
00E5:  BCF    09.1
00E6:  GOTO   0E8
00E7:  BSF    09.1
00E8:  BSF    03.5
00E9:  BCF    09.1
....................    delay_cycles(1); 
00EA:  NOP
....................    lcd_output_rw(0); 
00EB:  BCF    03.5
00EC:  BCF    09.2
00ED:  BSF    03.5
00EE:  BCF    09.2
....................    delay_cycles(1); 
00EF:  NOP
....................    lcd_output_enable(0); 
00F0:  BCF    03.5
00F1:  BCF    09.0
00F2:  BSF    03.5
00F3:  BCF    09.0
....................    lcd_send_nibble(n >> 4); 
00F4:  BCF    03.5
00F5:  SWAPF  34,W
00F6:  MOVWF  35
00F7:  MOVLW  0F
00F8:  ANDWF  35,F
00F9:  MOVF   35,W
00FA:  MOVWF  36
00FB:  CALL   04A
....................    lcd_send_nibble(n & 0xf); 
00FC:  MOVF   34,W
00FD:  ANDLW  0F
00FE:  MOVWF  35
00FF:  MOVWF  36
0100:  CALL   04A
0101:  RETURN
.................... } 
....................  
.................... #if defined(LCD_EXTENDED_NEWLINE) 
.................... unsigned int8 g_LcdX, g_LcdY; 
.................... #endif 
....................  
.................... void lcd_init(void)  
.................... { 
....................    unsigned int8 i; 
....................    unsigned int8 LCD_INIT_STRING[4] = {0x20 | (LCD_TYPE << 2), 0xc, 1, 6}; 
0102:  MOVLW  28
0103:  MOVWF  29
0104:  MOVLW  0C
0105:  MOVWF  2A
0106:  MOVLW  01
0107:  MOVWF  2B
0108:  MOVLW  06
0109:  MOVWF  2C
....................                              // These bytes need to be sent to the LCD 
....................                              // to start it up. 
....................     
....................  
....................    lcd_output_enable(0); 
010A:  BCF    09.0
010B:  BSF    03.5
010C:  BCF    09.0
....................    lcd_output_rs(0); 
010D:  BCF    03.5
010E:  BCF    09.1
010F:  BSF    03.5
0110:  BCF    09.1
....................    lcd_output_rw(0); 
0111:  BCF    03.5
0112:  BCF    09.2
0113:  BSF    03.5
0114:  BCF    09.2
....................  
....................  #if defined(__PCB__) 
....................    set_tris_lcd(LCD_OUTPUT_MAP); 
....................  #else 
....................   #if (defined(LCD_DATA4) && defined(LCD_DATA5) && defined(LCD_DATA6) && defined(LCD_DATA7)) 
....................    output_drive(LCD_DATA4); 
0115:  BCF    08.4
....................    output_drive(LCD_DATA5); 
0116:  BCF    08.5
....................    output_drive(LCD_DATA6); 
0117:  BCF    08.6
....................    output_drive(LCD_DATA7); 
0118:  BCF    08.7
....................   #else 
....................    lcdtris.data = 0x0; 
....................   #endif 
....................    lcd_enable_tris(); 
0119:  BCF    09.0
....................    lcd_rs_tris(); 
011A:  BCF    09.1
....................    lcd_rw_tris(); 
011B:  BCF    09.2
....................  #endif 
....................      
....................    delay_ms(15); 
011C:  MOVLW  0F
011D:  BCF    03.5
011E:  MOVWF  2F
011F:  CALL   035
....................    for(i=1;i<=3;++i) 
0120:  MOVLW  01
0121:  MOVWF  28
0122:  MOVF   28,W
0123:  SUBLW  03
0124:  BTFSS  03.0
0125:  GOTO   12E
....................    { 
....................        lcd_send_nibble(3); 
0126:  MOVLW  03
0127:  MOVWF  36
0128:  CALL   04A
....................        delay_ms(5); 
0129:  MOVLW  05
012A:  MOVWF  2F
012B:  CALL   035
012C:  INCF   28,F
012D:  GOTO   122
....................    } 
....................     
....................    lcd_send_nibble(2); 
012E:  MOVLW  02
012F:  MOVWF  36
0130:  CALL   04A
....................    delay_ms(5); 
0131:  MOVLW  05
0132:  MOVWF  2F
0133:  CALL   035
....................    for(i=0;i<=3;++i) 
0134:  CLRF   28
0135:  MOVF   28,W
0136:  SUBLW  03
0137:  BTFSS  03.0
0138:  GOTO   145
....................       lcd_send_byte(0,LCD_INIT_STRING[i]); 
0139:  MOVLW  29
013A:  ADDWF  28,W
013B:  MOVWF  04
013C:  BCF    03.7
013D:  MOVF   00,W
013E:  MOVWF  2D
013F:  CLRF   33
0140:  MOVF   2D,W
0141:  MOVWF  34
0142:  CALL   0A6
....................  
....................   #if defined(LCD_EXTENDED_NEWLINE) 
0143:  INCF   28,F
0144:  GOTO   135
0145:  RETURN
....................    g_LcdX = 0; 
....................    g_LcdY = 0; 
....................   #endif 
.................... } 
....................  
.................... void lcd_gotoxy(unsigned int8 x, unsigned int8 y) 
.................... { 
....................    unsigned int8 address; 
....................     
....................    if(y!=1) 
*
01DA:  DECFSZ 30,W
01DB:  GOTO   1DD
01DC:  GOTO   1E0
....................       address=LCD_LINE_TWO; 
01DD:  MOVLW  40
01DE:  MOVWF  31
01DF:  GOTO   1E1
....................    else 
....................       address=0; 
01E0:  CLRF   31
....................       
....................    address+=x-1; 
01E1:  MOVLW  01
01E2:  SUBWF  2F,W
01E3:  ADDWF  31,F
....................    lcd_send_byte(0,0x80|address); 
01E4:  MOVF   31,W
01E5:  IORLW  80
01E6:  MOVWF  32
01E7:  CLRF   33
01E8:  MOVF   32,W
01E9:  MOVWF  34
01EA:  CALL   0A6
....................  
....................   #if defined(LCD_EXTENDED_NEWLINE) 
01EB:  RETURN
....................    g_LcdX = x - 1; 
....................    g_LcdY = y - 1; 
....................   #endif 
.................... } 
....................  
.................... void lcd_putc(char c) 
.................... { 
....................    switch (c) 
01EC:  MOVF   2E,W
01ED:  XORLW  07
01EE:  BTFSC  03.2
01EF:  GOTO   1FA
01F0:  XORLW  0B
01F1:  BTFSC  03.2
01F2:  GOTO   1FF
01F3:  XORLW  06
01F4:  BTFSC  03.2
01F5:  GOTO   207
01F6:  XORLW  02
01F7:  BTFSC  03.2
01F8:  GOTO   20D
01F9:  GOTO   212
....................    { 
....................       case '\a'   :  lcd_gotoxy(1,1);     break; 
01FA:  MOVLW  01
01FB:  MOVWF  2F
01FC:  MOVWF  30
01FD:  CALL   1DA
01FE:  GOTO   217
....................  
....................       case '\f'   :  lcd_send_byte(0,1); 
01FF:  CLRF   33
0200:  MOVLW  01
0201:  MOVWF  34
0202:  CALL   0A6
....................                      delay_ms(2); 
0203:  MOVLW  02
0204:  MOVWF  2F
0205:  CALL   035
....................                     #if defined(LCD_EXTENDED_NEWLINE) 
....................                      g_LcdX = 0; 
....................                      g_LcdY = 0; 
....................                     #endif 
....................                      break; 
0206:  GOTO   217
....................  
....................      #if defined(LCD_EXTENDED_NEWLINE) 
....................       case '\r'   :  lcd_gotoxy(1, g_LcdY+1);   break; 
....................       case '\n'   : 
....................          while (g_LcdX++ < LCD_LINE_LENGTH) 
....................          { 
....................             lcd_send_byte(1, ' '); 
....................          } 
....................          lcd_gotoxy(1, g_LcdY+2); 
....................          break; 
....................      #else 
....................       case '\n'   : lcd_gotoxy(1,2);        break; 
0207:  MOVLW  01
0208:  MOVWF  2F
0209:  MOVLW  02
020A:  MOVWF  30
020B:  CALL   1DA
020C:  GOTO   217
....................      #endif 
....................       
....................       case '\b'   : lcd_send_byte(0,0x10);  break; 
020D:  CLRF   33
020E:  MOVLW  10
020F:  MOVWF  34
0210:  CALL   0A6
0211:  GOTO   217
....................       
....................      #if defined(LCD_EXTENDED_NEWLINE) 
....................       default     :  
....................          if (g_LcdX < LCD_LINE_LENGTH) 
....................          { 
....................             lcd_send_byte(1, c); 
....................             g_LcdX++; 
....................          } 
....................          break; 
....................      #else 
....................       default     : lcd_send_byte(1,c);     break; 
0212:  MOVLW  01
0213:  MOVWF  33
0214:  MOVF   2E,W
0215:  MOVWF  34
0216:  CALL   0A6
....................      #endif 
....................    } 
0217:  RETURN
.................... } 
....................   
.................... char lcd_getc(unsigned int8 x, unsigned int8 y) 
.................... { 
....................    char value; 
....................  
....................    lcd_gotoxy(x,y); 
....................    while ( bit_test(lcd_read_byte(),7) ); // wait until busy flag is low 
....................    lcd_output_rs(1); 
....................    value = lcd_read_byte(); 
....................    lcd_output_rs(0); 
....................     
....................    return(value); 
.................... } 
....................  
.................... // write a custom character to the ram 
.................... // which is 0-7 and specifies which character array we are modifying. 
.................... // ptr points to an array of 8 bytes, where each byte is the next row of 
.................... //    pixels.  only bits 0-4 are used.  the last row is the cursor row, and 
.................... //    usually you will want to leave this byte 0x00. 
.................... void lcd_set_cgram_char(unsigned int8 which, unsigned int8 *ptr) 
.................... { 
....................    unsigned int i; 
....................  
....................    which <<= 3; 
....................    which &= 0x38; 
....................  
....................    lcd_send_byte(0, 0x40 | which);  //set cgram address 
....................  
....................    for(i=0; i<8; i++) 
....................    { 
....................       lcd_send_byte(1, *ptr++); 
....................    } 
....................    
....................    #if defined(LCD_EXTENDED_NEWLINE) 
....................     lcd_gotoxy(g_LcdX+1, g_LcdY+1);  //set ddram address 
....................    #endif 
.................... } 
....................  
.................... void lcd_cursor_on(int1 on) 
.................... { 
....................    if (on) 
....................    { 
....................       lcd_send_byte(0,0x0F);           //turn LCD cursor ON 
....................    } 
....................    else 
....................    { 
....................       lcd_send_byte(0,0x0C);           //turn LCD cursor OFF 
....................    } 
.................... } 
....................  
.................... #endif 
....................  
....................  
.................... // constantes 
.................... const float v_equal = 15.5; 
....................  
....................  
.................... // Funções 
.................... float convertVoltage(int digitalRead); 
.................... void selectMenu(); 
.................... void showMenu(); 
.................... void readVoltages(); 
.................... void setupSwitches(); 
.................... void bateryStatus(); 
.................... void checkChargeMode(); 
....................  
....................  
.................... int t_up = 0; 
.................... int menu = 0; 
.................... int v1_dc, v2_dc, v3_dc, v4_dc = 0 ; 
....................  
.................... void setup(){ 
....................    lcd_init(); 
*
0146:  CALL   102
....................    enable_interrupts(global); 
0147:  MOVLW  C0
0148:  IORWF  0B,F
....................    enable_interrupts(int_ext); 
0149:  BSF    0B.4
....................    ext_int_edge(H_TO_L); 
014A:  BSF    03.5
014B:  BCF    01.6
....................    lcd_init(); 
014C:  BCF    03.5
014D:  CALL   102
....................    Port_b_pullups(true); 
014E:  BSF    03.5
014F:  BCF    01.7
....................    setup_adc(ADC_CLOCK_DIV_32); 
0150:  BCF    1F.6
0151:  BCF    03.5
0152:  BCF    1F.6
0153:  BSF    1F.7
0154:  BSF    03.5
0155:  BCF    1F.7
0156:  BCF    03.5
0157:  BSF    1F.0
....................    setup_adc_ports(V1); 
0158:  BSF    03.5
0159:  BCF    1F.0
015A:  BSF    1F.1
015B:  BSF    1F.2
015C:  BSF    1F.3
....................  
....................     
....................    output_low(S1); 
015D:  BCF    08.0
015E:  BCF    03.5
015F:  BCF    08.0
....................    output_low(S2); 
0160:  BSF    03.5
0161:  BCF    08.1
0162:  BCF    03.5
0163:  BCF    08.1
....................    output_low(S3); 
0164:  BSF    03.5
0165:  BCF    08.2
0166:  BCF    03.5
0167:  BCF    08.2
0168:  BCF    0A.3
0169:  BCF    0A.4
016A:  GOTO   46C (RETURN)
.................... } 
....................  
.................... void main() 
*
045A:  MOVF   03,W
045B:  ANDLW  1F
045C:  MOVWF  03
045D:  CLRF   20
045E:  CLRF   21
045F:  CLRF   25
0460:  MOVLW  FF
0461:  MOVWF  26
0462:  BSF    03.5
0463:  BSF    1F.0
0464:  BSF    1F.1
0465:  BSF    1F.2
0466:  BCF    1F.3
0467:  MOVLW  07
0468:  MOVWF  1C
0469:  BCF    03.7
.................... { 
....................      setup(); 
046A:  BCF    03.5
046B:  GOTO   146
....................       
....................      while (1){ 
....................          selectMenu(); 
046C:  GOTO   16B
....................          checkChargeMode(); 
046D:  GOTO   185
....................          showMenu();  
046E:  GOTO   331
....................          readVoltages(); 
046F:  GOTO   3C2
....................           
....................          int mode =2; // tem que implementar uma paradinha a qui pra ver quando falta luz pois esse controle eh da descarga 
0470:  MOVLW  02
0471:  MOVWF  27
....................          if (mode==3) setupSwitches(); 
0472:  MOVF   27,W
0473:  SUBLW  03
0474:  BTFSC  03.2
0475:  GOTO   3DD
....................          
....................          bateryStatus(); 
0476:  GOTO   413
....................          delay_ms(400);   
0477:  MOVLW  02
0478:  MOVWF  28
0479:  MOVLW  C8
047A:  MOVWF  2F
047B:  CALL   035
047C:  DECFSZ 28,F
047D:  GOTO   479
047E:  GOTO   46C
....................       } 
.................... } 
....................  
047F:  SLEEP
.................... // Le as tensoes analogicas da bateria  
.................... void readVoltages(){ // AQUI TA ZUADO 
....................  
....................       delay_adc; 
*
03C2:  MOVLW  01
03C3:  MOVWF  2F
03C4:  CALL   035
....................       set_adc_channel(0); 
03C5:  MOVLW  00
03C6:  MOVWF  78
03C7:  MOVF   1F,W
03C8:  ANDLW  C7
03C9:  IORWF  78,W
03CA:  MOVWF  1F
....................       delay_adc; 
03CB:  MOVLW  01
03CC:  MOVWF  2F
03CD:  CALL   035
....................       v1_dc = read_adc(); 
03CE:  BSF    1F.2
03CF:  BTFSC  1F.2
03D0:  GOTO   3CF
03D1:  MOVF   1E,W
03D2:  MOVWF  22
....................       delay_adc; 
03D3:  MOVLW  01
03D4:  MOVWF  2F
03D5:  CALL   035
....................      /* set_adc_channel(1); 
....................       delay_adc; 
....................       v2_dc = read_adc(); 
....................       delay_adc; 
....................       set_adc_channel(2); 
....................       delay_adc; 
....................       v3_dc = read_adc(); 
....................       delay_adc; 
....................       set_adc_channel(3); 
....................       delay_adc; 
....................       v4_dc = read_adc();*/ 
....................        
....................       v2_dc = 50; 
03D6:  MOVLW  32
03D7:  MOVWF  23
....................       v3_dc = 50; 
03D8:  MOVWF  24
....................       v4_dc = 50; 
03D9:  MOVWF  25
03DA:  BCF    0A.3
03DB:  BCF    0A.4
03DC:  GOTO   470 (RETURN)
.................... } 
....................  
.................... // informações do LCD 
.................... void showMenu(){ 
....................   switch(menu){ 
*
0331:  MOVLW  01
0332:  SUBWF  21,W
0333:  ADDLW  FC
0334:  BTFSC  03.0
0335:  GOTO   3B7
0336:  ADDLW  04
0337:  GOTO   3BA
....................        case 1:           
....................              clear; 
0338:  MOVLW  0C
0339:  MOVWF  2E
033A:  CALL   1EC
....................              printf(LCD_PUTC,"Bateria 1"); 
033B:  MOVLW  04
033C:  BSF    03.6
033D:  MOVWF  0D
033E:  MOVLW  00
033F:  MOVWF  0F
0340:  BCF    03.6
0341:  CALL   218
....................              printf(LCD_PUTC,"\nTensao: %i V", v1_dc); 
0342:  MOVLW  09
0343:  BSF    03.6
0344:  MOVWF  0D
0345:  MOVLW  00
0346:  MOVWF  0F
0347:  BCF    03.0
0348:  MOVLW  09
0349:  BCF    03.6
034A:  MOVWF  28
034B:  CALL   26E
034C:  MOVF   22,W
034D:  MOVWF  28
034E:  MOVLW  18
034F:  MOVWF  29
0350:  CALL   2DA
0351:  MOVLW  20
0352:  MOVWF  2E
0353:  CALL   1EC
0354:  MOVLW  56
0355:  MOVWF  2E
0356:  CALL   1EC
....................              break;                                     
0357:  GOTO   3B7
....................        case 2:    
....................              clear; 
0358:  MOVLW  0C
0359:  MOVWF  2E
035A:  CALL   1EC
....................              printf(LCD_PUTC,"Bateria 2"); 
035B:  MOVLW  10
035C:  BSF    03.6
035D:  MOVWF  0D
035E:  MOVLW  00
035F:  MOVWF  0F
0360:  BCF    03.6
0361:  CALL   218
....................              printf(LCD_PUTC,"\nTensao 2: %i V",  v2_dc); 
0362:  MOVLW  15
0363:  BSF    03.6
0364:  MOVWF  0D
0365:  MOVLW  00
0366:  MOVWF  0F
0367:  BCF    03.0
0368:  MOVLW  0B
0369:  BCF    03.6
036A:  MOVWF  28
036B:  CALL   26E
036C:  MOVF   23,W
036D:  MOVWF  28
036E:  MOVLW  18
036F:  MOVWF  29
0370:  CALL   2DA
0371:  MOVLW  20
0372:  MOVWF  2E
0373:  CALL   1EC
0374:  MOVLW  56
0375:  MOVWF  2E
0376:  CALL   1EC
....................              break;                                      
0377:  GOTO   3B7
....................        case 3:     
....................              clear; 
0378:  MOVLW  0C
0379:  MOVWF  2E
037A:  CALL   1EC
....................              printf(LCD_PUTC,"Bateria 3"); 
037B:  MOVLW  1D
037C:  BSF    03.6
037D:  MOVWF  0D
037E:  MOVLW  00
037F:  MOVWF  0F
0380:  BCF    03.6
0381:  CALL   218
....................              printf(LCD_PUTC,"\nTensao: %i V", v3_dc); 
0382:  MOVLW  22
0383:  BSF    03.6
0384:  MOVWF  0D
0385:  MOVLW  00
0386:  MOVWF  0F
0387:  BCF    03.0
0388:  MOVLW  09
0389:  BCF    03.6
038A:  MOVWF  28
038B:  CALL   26E
038C:  MOVF   24,W
038D:  MOVWF  28
038E:  MOVLW  18
038F:  MOVWF  29
0390:  CALL   2DA
0391:  MOVLW  20
0392:  MOVWF  2E
0393:  CALL   1EC
0394:  MOVLW  56
0395:  MOVWF  2E
0396:  CALL   1EC
....................              break;      
0397:  GOTO   3B7
....................        case 4:    
....................              clear; 
0398:  MOVLW  0C
0399:  MOVWF  2E
039A:  CALL   1EC
....................              printf(LCD_PUTC,"Bateria 4"); 
039B:  MOVLW  29
039C:  BSF    03.6
039D:  MOVWF  0D
039E:  MOVLW  00
039F:  MOVWF  0F
03A0:  BCF    03.6
03A1:  CALL   218
....................              printf(LCD_PUTC,"\nTensao: %i V",  v4_dc); 
03A2:  MOVLW  2E
03A3:  BSF    03.6
03A4:  MOVWF  0D
03A5:  MOVLW  00
03A6:  MOVWF  0F
03A7:  BCF    03.0
03A8:  MOVLW  09
03A9:  BCF    03.6
03AA:  MOVWF  28
03AB:  CALL   26E
03AC:  MOVF   25,W
03AD:  MOVWF  28
03AE:  MOVLW  18
03AF:  MOVWF  29
03B0:  CALL   2DA
03B1:  MOVLW  20
03B2:  MOVWF  2E
03B3:  CALL   1EC
03B4:  MOVLW  56
03B5:  MOVWF  2E
03B6:  CALL   1EC
....................              break;  
....................     }  
03B7:  BCF    0A.3
03B8:  BCF    0A.4
03B9:  GOTO   46F (RETURN)
.................... } 
....................  
.................... // logica dos menus 
.................... void selectMenu(){ 
....................   if(input(up))  t_up = 1; 
*
016B:  BSF    03.5
016C:  BSF    06.1
016D:  BCF    03.5
016E:  BTFSS  06.1
016F:  GOTO   172
0170:  MOVLW  01
0171:  MOVWF  20
....................   if(!input(up) && t_up){ 
0172:  BSF    03.5
0173:  BSF    06.1
0174:  BCF    03.5
0175:  BTFSC  06.1
0176:  GOTO   182
0177:  MOVF   20,F
0178:  BTFSC  03.2
0179:  GOTO   182
....................     t_up = 0; 
017A:  CLRF   20
....................     menu++; 
017B:  INCF   21,F
....................     if(menu > 4) menu = 1; 
017C:  MOVF   21,W
017D:  SUBLW  04
017E:  BTFSC  03.0
017F:  GOTO   182
0180:  MOVLW  01
0181:  MOVWF  21
....................   } 
0182:  BCF    0A.3
0183:  BCF    0A.4
0184:  GOTO   46D (RETURN)
.................... } 
....................  
.................... float convertVoltage(int digital_value){ 
....................       float analogic_value = (5*digital_value)/255.0; 
....................       return 3 * analogic_value; 
.................... } 
....................  
.................... // Gerencia os switches para a melhor descarga da bateria.  
.................... void setupSwitches(){ 
....................    if ((v1_dc < 25) || (v2_dc < 25)) { output_high(S1);} 
*
03DD:  MOVF   22,W
03DE:  SUBLW  18
03DF:  BTFSC  03.0
03E0:  GOTO   3E5
03E1:  MOVF   23,W
03E2:  SUBLW  18
03E3:  BTFSS  03.0
03E4:  GOTO   3EA
03E5:  BSF    03.5
03E6:  BCF    08.0
03E7:  BCF    03.5
03E8:  BSF    08.0
03E9:  GOTO   3EE
....................    else {output_low(S1);} 
03EA:  BSF    03.5
03EB:  BCF    08.0
03EC:  BCF    03.5
03ED:  BCF    08.0
....................     
....................    if ((v2_dc < 25) || (v3_dc < 25)) { output_high(S2);} 
03EE:  MOVF   23,W
03EF:  SUBLW  18
03F0:  BTFSC  03.0
03F1:  GOTO   3F6
03F2:  MOVF   24,W
03F3:  SUBLW  18
03F4:  BTFSS  03.0
03F5:  GOTO   3FB
03F6:  BSF    03.5
03F7:  BCF    08.1
03F8:  BCF    03.5
03F9:  BSF    08.1
03FA:  GOTO   3FF
....................    else  {output_low(S2);} 
03FB:  BSF    03.5
03FC:  BCF    08.1
03FD:  BCF    03.5
03FE:  BCF    08.1
....................     
....................    if ((v3_dc < 25) || (v4_dc < 25)) {output_high(S3);} 
03FF:  MOVF   24,W
0400:  SUBLW  18
0401:  BTFSC  03.0
0402:  GOTO   407
0403:  MOVF   25,W
0404:  SUBLW  18
0405:  BTFSS  03.0
0406:  GOTO   40C
0407:  BSF    03.5
0408:  BCF    08.2
0409:  BCF    03.5
040A:  BSF    08.2
040B:  GOTO   410
....................    else  {output_low(S3);} 
040C:  BSF    03.5
040D:  BCF    08.2
040E:  BCF    03.5
040F:  BCF    08.2
0410:  BCF    0A.3
0411:  BCF    0A.4
0412:  GOTO   476 (RETURN)
....................     
.................... } 
....................  
.................... // verifica a tensao das baterias 
.................... void bateryStatus(){ 
....................     if (v1_dc < 25) output_high(LB1); 
0413:  MOVF   22,W
0414:  SUBLW  18
0415:  BTFSS  03.0
0416:  GOTO   41E
0417:  BCF    26.0
0418:  MOVF   26,W
0419:  BSF    03.5
041A:  MOVWF  07
041B:  BCF    03.5
041C:  BSF    07.0
041D:  GOTO   424
....................     else  output_low(LB1); 
041E:  BCF    26.0
041F:  MOVF   26,W
0420:  BSF    03.5
0421:  MOVWF  07
0422:  BCF    03.5
0423:  BCF    07.0
....................      
....................     if (v2_dc < 25) output_high(LB2); 
0424:  MOVF   23,W
0425:  SUBLW  18
0426:  BTFSS  03.0
0427:  GOTO   42F
0428:  BCF    26.1
0429:  MOVF   26,W
042A:  BSF    03.5
042B:  MOVWF  07
042C:  BCF    03.5
042D:  BSF    07.1
042E:  GOTO   435
....................     else  output_low(LB2); 
042F:  BCF    26.1
0430:  MOVF   26,W
0431:  BSF    03.5
0432:  MOVWF  07
0433:  BCF    03.5
0434:  BCF    07.1
....................      
....................     if (v3_dc < 25) output_high(LB3); 
0435:  MOVF   24,W
0436:  SUBLW  18
0437:  BTFSS  03.0
0438:  GOTO   440
0439:  BCF    26.2
043A:  MOVF   26,W
043B:  BSF    03.5
043C:  MOVWF  07
043D:  BCF    03.5
043E:  BSF    07.2
043F:  GOTO   446
....................     else  output_low(LB3); 
0440:  BCF    26.2
0441:  MOVF   26,W
0442:  BSF    03.5
0443:  MOVWF  07
0444:  BCF    03.5
0445:  BCF    07.2
....................      
....................     if (v4_dc < 25) output_high(LB4); 
0446:  MOVF   25,W
0447:  SUBLW  18
0448:  BTFSS  03.0
0449:  GOTO   451
044A:  BCF    26.3
044B:  MOVF   26,W
044C:  BSF    03.5
044D:  MOVWF  07
044E:  BCF    03.5
044F:  BSF    07.3
0450:  GOTO   457
....................     else  output_low(LB4); 
0451:  BCF    26.3
0452:  MOVF   26,W
0453:  BSF    03.5
0454:  MOVWF  07
0455:  BCF    03.5
0456:  BCF    07.3
0457:  BCF    0A.3
0458:  BCF    0A.4
0459:  GOTO   477 (RETURN)
.................... } 
....................  
.................... // modos de carga 
.................... void checkChargeMode(){ 
....................      if(input(CHARGE_MODE)) {   //modo flutuacao liga todas as baterias em paralelo e a fonte alimenta no modo flutuação 
*
0185:  BSF    03.5
0186:  BSF    06.2
0187:  BCF    03.5
0188:  BTFSS  06.2
0189:  GOTO   1A4
....................          output_low(CHARGE_LED); 
018A:  BCF    26.4
018B:  MOVF   26,W
018C:  BSF    03.5
018D:  MOVWF  07
018E:  BCF    03.5
018F:  BCF    07.4
....................          output_low(S1); 
0190:  BSF    03.5
0191:  BCF    08.0
0192:  BCF    03.5
0193:  BCF    08.0
....................          output_low(S2); 
0194:  BSF    03.5
0195:  BCF    08.1
0196:  BCF    03.5
0197:  BCF    08.1
....................          output_low(S3); 
0198:  BSF    03.5
0199:  BCF    08.2
019A:  BCF    03.5
019B:  BCF    08.2
....................          delay_ms(2000);   
019C:  MOVLW  08
019D:  MOVWF  28
019E:  MOVLW  FA
019F:  MOVWF  2F
01A0:  CALL   035
01A1:  DECFSZ 28,F
01A2:  GOTO   19E
....................           
....................      } 
01A3:  GOTO   1D7
....................      else {    // modo equalização Remove o curto circuito entre as baterias e se carrega até que a voltagem de cada uma chegue a tensão da fonte repois religa  
....................          if ((v1_dc >= 25) || (v2_dc > 25)) { output_high(S1);} 
01A4:  MOVF   22,W
01A5:  SUBLW  18
01A6:  BTFSS  03.0
01A7:  GOTO   1AC
01A8:  MOVF   23,W
01A9:  SUBLW  19
01AA:  BTFSC  03.0
01AB:  GOTO   1B1
01AC:  BSF    03.5
01AD:  BCF    08.0
01AE:  BCF    03.5
01AF:  BSF    08.0
01B0:  GOTO   1B5
....................          else {output_low(S1);} 
01B1:  BSF    03.5
01B2:  BCF    08.0
01B3:  BCF    03.5
01B4:  BCF    08.0
....................           
....................          if ((v2_dc > 25) || (v3_dc > 25)) { output_high(S2);} 
01B5:  MOVF   23,W
01B6:  SUBLW  19
01B7:  BTFSS  03.0
01B8:  GOTO   1BD
01B9:  MOVF   24,W
01BA:  SUBLW  19
01BB:  BTFSC  03.0
01BC:  GOTO   1C2
01BD:  BSF    03.5
01BE:  BCF    08.1
01BF:  BCF    03.5
01C0:  BSF    08.1
01C1:  GOTO   1C6
....................          else  {output_low(S2);} 
01C2:  BSF    03.5
01C3:  BCF    08.1
01C4:  BCF    03.5
01C5:  BCF    08.1
....................           
....................          if ((v3_dc < 25) || (v4_dc < 25)) {output_high(S3);} 
01C6:  MOVF   24,W
01C7:  SUBLW  18
01C8:  BTFSC  03.0
01C9:  GOTO   1CE
01CA:  MOVF   25,W
01CB:  SUBLW  18
01CC:  BTFSS  03.0
01CD:  GOTO   1D3
01CE:  BSF    03.5
01CF:  BCF    08.2
01D0:  BCF    03.5
01D1:  BSF    08.2
01D2:  GOTO   1D7
....................          else  {output_low(S3);} 
01D3:  BSF    03.5
01D4:  BCF    08.2
01D5:  BCF    03.5
01D6:  BCF    08.2
....................        
....................      } 
01D7:  BCF    0A.3
01D8:  BCF    0A.4
01D9:  GOTO   46E (RETURN)
.................... } 

Configuration Fuses:
   Word  1: 3F39   XT NOWDT NOPUT NOBROWNOUT NOLVP NOCPD NOWRT NODEBUG NOPROTECT
